// Jest Snapshot v1, https://goo.gl/fbAQLP

exports[`Table renders correctly 1`] = `
<DocumentFragment>
  <div
    class="MuiPaper-root MuiPaper-elevation MuiPaper-rounded MuiPaper-elevation1 MuiTableContainer-root css-11xur9t-MuiPaper-root-MuiTableContainer-root"
  >
    <table
      aria-label="simple table"
      class="MuiTable-root css-quj9j6-MuiTable-root"
    >
      <thead
        class="MuiTableHead-root css-15wwp11-MuiTableHead-root"
      >
        <tr
          class="MuiTableRow-root MuiTableRow-head css-1q1u3t4-MuiTableRow-root"
        >
          <th
            class="MuiTableCell-root MuiTableCell-head MuiTableCell-sizeMedium css-1obp5w9-MuiTableCell-root"
            scope="col"
          >
            col1name
          </th>
          <th
            class="MuiTableCell-root MuiTableCell-head MuiTableCell-sizeMedium css-1obp5w9-MuiTableCell-root"
            scope="col"
          >
            col2name
          </th>
        </tr>
      </thead>
      <tbody
        class="MuiTableBody-root css-apqrd9-MuiTableBody-root"
      >
        <tr
          class="MuiTableRow-root css-1ffuvkz-MuiTableRow-root"
        >
          <th
            class="MuiTableCell-root MuiTableCell-body MuiTableCell-sizeMedium css-ojbc7e-MuiTableCell-root"
            scope="row"
          >
            <p
              class="MuiTypography-root MuiTypography-body1 css-ahj2mt-MuiTypography-root"
              style="white-space: pre-line;"
            >
              row1-col1
            </p>
          </th>
          <td
            class="MuiTableCell-root MuiTableCell-body MuiTableCell-sizeMedium css-ojbc7e-MuiTableCell-root"
          >
            <p
              class="MuiTypography-root MuiTypography-body1 css-ahj2mt-MuiTypography-root"
              style="white-space: pre-line;"
            >
              row1-col2
            </p>
          </td>
        </tr>
        <tr
          class="MuiTableRow-root css-1ffuvkz-MuiTableRow-root"
        >
          <th
            class="MuiTableCell-root MuiTableCell-body MuiTableCell-sizeMedium css-ojbc7e-MuiTableCell-root"
            scope="row"
          >
            <p
              class="MuiTypography-root MuiTypography-body1 css-ahj2mt-MuiTypography-root"
              style="white-space: pre-line;"
            >
              row2-col1
            </p>
          </th>
          <td
            class="MuiTableCell-root MuiTableCell-body MuiTableCell-sizeMedium css-ojbc7e-MuiTableCell-root"
          >
            <p
              class="MuiTypography-root MuiTypography-body1 css-ahj2mt-MuiTypography-root"
              style="white-space: pre-line;"
            >
              row2-col2
            </p>
          </td>
        </tr>
      </tbody>
    </table>
  </div>
</DocumentFragment>
`;
